\BOOKMARK [1][]{section.1}{\376\377\116\000\060\001\000\040\225\356\230\230\221\315\217\360}{}% 1
\BOOKMARK [2][]{subsection.1.1}{\376\377\0001\000.\0001\000\040\225\356\230\230\200\314\146\157}{section.1}% 2
\BOOKMARK [2][]{subsection.1.2}{\376\377\0001\000.\0002\000\040\227\000\211\201\211\343\121\263\166\204\225\356\230\230}{section.1}% 3
\BOOKMARK [2][]{subsection.1.3}{\376\377\0001\000.\0003\000\040\121\163\225\056\162\151\164\006\116\016\213\241\145\366\211\304\122\031}{section.1}% 4
\BOOKMARK [1][]{section.2}{\376\377\116\214\060\001\000\040\152\041\127\213\120\107\213\276\116\016\173\046\123\367\213\364\146\016}{}% 5
\BOOKMARK [2][]{subsection.2.1}{\376\377\0002\000.\0001\000\040\152\041\127\213\120\107\213\276}{section.2}% 6
\BOOKMARK [2][]{subsection.2.2}{\376\377\0002\000.\0002\000\040\173\046\123\367\213\364\146\016}{section.2}% 7
\BOOKMARK [1][]{section.3}{\376\377\116\011\060\001\000\040\225\356\230\230\122\006\147\220\116\016\140\073\117\123\150\106\147\266}{}% 8
\BOOKMARK [2][]{subsection.3.1}{\376\377\0003\000.\0001\000\040\166\356\150\007\121\375\145\160\166\204\174\276\170\156\137\142\137\017}{section.3}% 9
\BOOKMARK [2][]{subsection.3.2}{\376\377\0003\000.\0002\000\040\145\366\225\364\123\273\124\352\121\077\116\206\377\032\126\372\133\232\142\020\147\054\116\073\133\374}{section.3}% 10
\BOOKMARK [2][]{subsection.3.3}{\376\377\0003\000.\0003\000\040\126\333\134\102\154\102\211\343\150\106\147\266}{section.3}% 11
\BOOKMARK [2][]{subsection.3.4}{\376\377\0003\000.\0004\000\040\126\333\116\052\225\356\230\230\116\113\225\364\166\204\121\163\174\373}{section.3}% 12
\BOOKMARK [1][]{section.4}{\376\377\126\333\060\001\000\040\225\356\230\230\116\000\377\032\116\244\117\032\133\232\117\115\123\072\127\337\166\204\166\364\137\204\173\227\154\325\116\016\211\206\166\326\140\047\122\044\133\232}{}% 13
\BOOKMARK [2][]{subsection.4.1}{\376\377\0004\000.\0001\000\040\116\316\171\072\124\021\136\246\213\373\145\160\122\060\176\277\140\047\176\246\147\137}{section.4}% 14
\BOOKMARK [2][]{subsection.4.2}{\376\377\0004\000.\0002\000\040\166\364\137\204\166\204\213\241\173\227\377\032\173\227\154\325\116\016\153\143\170\156\140\047}{section.4}% 15
\BOOKMARK [2][]{subsection.4.3}{\376\377\0004\000.\0003\000\040\116\345\133\232\117\115\123\072\127\337\166\364\137\204\116\072\166\364\137\204\166\204\127\006\200\375\124\046\211\206\166\326\133\232\117\115\123\072\127\337}{section.4}% 16
\BOOKMARK [2][]{subsection.4.4}{\376\377\0004\000.\0004\000\040\147\054\225\356\176\323\213\272\133\371\124\016\116\044\225\356\166\204\121\263\133\232\140\047\137\161\124\315}{section.4}% 17
\BOOKMARK [1][]{section.5}{\376\377\116\224\060\001\000\040\225\356\230\230\116\214\377\032\173\054\116\214\150\300\155\113\160\271\166\204\220\011\142\351\173\126\165\145\116\016\120\031\220\011\123\072\127\337}{}% 18
\BOOKMARK [2][]{subsection.5.1}{\376\377\0005\000.\0001\000\040\225\356\230\230\166\204\137\142\137\017\123\026\116\016\116\044\116\052\137\305\230\173\124\014\145\366\156\341\215\263\166\204\211\201\154\102}{section.5}% 19
\BOOKMARK [2][]{subsection.5.2}{\376\377\0005\000.\0002\000\040\211\201\154\102\000\040\000A\377\032\117\335\213\301\143\245\145\066\166\204\120\031\220\011\123\072\127\337}{section.5}% 20
\BOOKMARK [2][]{subsection.5.3}{\376\377\0005\000.\0003\000\040\211\201\154\102\000\040\000B\377\032\116\244\117\032\211\322\116\016\133\232\117\115\123\072\127\337\134\072\136\246}{section.5}% 21
\BOOKMARK [2][]{subsection.5.4}{\376\377\0005\000.\0004\000\040\116\044\153\041\155\113\124\021\116\015\215\263\116\345\117\335\213\301\213\244\213\301\156\005\226\144}{section.5}% 22
\BOOKMARK [2][]{subsection.5.5}{\376\377\0005\000.\0005\000\040\174\276\170\156\147\232\116\076\232\214\213\301\116\016\220\011\160\271\173\126\165\145}{section.5}% 23
\BOOKMARK [1][]{section.6}{\376\377\121\155\060\001\000\040\225\356\230\230\116\011\377\032\121\150\124\021\136\162\142\160\156\220\166\204\201\352\122\250\144\034\175\042\060\001\133\232\117\115\116\016\156\005\226\144}{}% 24
\BOOKMARK [2][]{subsection.6.1}{\376\377\0006\000.\0001\000\040\116\011\134\102\176\323\147\204\116\016\176\310\153\142\213\301\146\016}{section.6}% 25
\BOOKMARK [2][]{subsection.6.2}{\376\377\0006\000.\0002\000\040\123\321\163\260\134\102\377\032\116\003\172\331\136\003\134\100\123\312\121\166\147\000\117\030\140\047}{section.6}% 26
\BOOKMARK [3][]{subsubsection.6.2.1}{\376\377\0006\000.\0002\000.\0001\000\040\147\000\127\117\211\206\166\326\215\335\171\273\166\204\211\343\147\220\137\017}{subsection.6.2}% 27
\BOOKMARK [3][]{subsubsection.6.2.2}{\376\377\0006\000.\0002\000.\0002\000\040\116\003\172\331\146\057\117\335\213\301\123\321\163\260\166\204\147\000\134\017\172\331\145\160}{subsection.6.2}% 28
\BOOKMARK [2][]{subsection.6.3}{\376\377\0006\000.\0003\000\040\133\232\117\115\134\102\377\032\147\011\165\114\213\357\135\356\123\357\210\114\127\337}{section.6}% 29
\BOOKMARK [2][]{subsection.6.4}{\376\377\0006\000.\0004\000\040\156\005\226\144\134\102\377\032\213\244\213\301\156\005\226\144\060\001\121\111\133\146\121\134\136\225\116\016\210\145\155\113\174\276\123\026}{section.6}% 30
\BOOKMARK [2][]{subsection.6.5}{\376\377\0006\000.\0005\000\040\214\003\136\246\134\102\377\032\144\034\175\042\116\016\166\356\150\007\131\004\164\006\166\204\155\367\124\010\215\052\137\303}{section.6}% 31
\BOOKMARK [2][]{subsection.6.6}{\376\377\0006\000.\0006\000\040\173\227\154\325\140\073\211\310}{section.6}% 32
\BOOKMARK [2][]{subsection.6.7}{\376\377\0006\000.\0007\000\040\133\236\232\214\176\323\147\234\116\016\155\210\207\215}{section.6}% 33
\BOOKMARK [2][]{subsection.6.8}{\376\377\0006\000.\0008\000\040\164\006\213\272\116\013\165\114\116\016\117\030\123\026\172\172\225\364}{section.6}% 34
\BOOKMARK [1][]{section.7}{\376\377\116\003\060\001\000\040\225\356\230\230\126\333\377\032\155\367\124\010\121\150\124\021\156\220\116\016\133\232\124\021\156\220\166\204\150\300\155\113\116\016\156\005\226\144}{}% 35
\BOOKMARK [2][]{subsection.7.1}{\376\377\0007\000.\0001\000\040\173\054\116\011\225\356\166\204\211\206\166\326\147\141\116\366\116\072\116\300\116\110\116\015\200\375\161\147\144\054}{section.7}% 36
\BOOKMARK [2][]{subsection.7.2}{\376\377\0007\000.\0002\000\040\145\271\124\021\211\206\166\326\166\204\121\105\211\201\147\141\116\366}{section.7}% 37
\BOOKMARK [2][]{subsection.7.3}{\376\377\0007\000.\0003\000\040\217\336\176\355\127\337\166\204\177\121\150\074\213\301\116\146}{section.7}% 38
\BOOKMARK [2][]{subsection.7.4}{\376\377\0007\000.\0004\000\040\147\000\176\310\136\003\134\100\116\016\172\331\145\160\116\013\165\114}{section.7}% 39
\BOOKMARK [2][]{subsection.7.5}{\376\377\0007\000.\0005\000\040\127\050\176\277\134\102\377\032\220\011\142\351\140\047\155\113\221\317\060\001\147\011\165\114\173\111\137\205\116\016\213\244\213\301\147\141\136\046\211\206\166\326}{section.7}% 40
\BOOKMARK [3][]{subsubsection.7.5.1}{\376\377\0007\000.\0005\000.\0001\000\040\220\011\142\351\140\047\221\315\155\113}{subsection.7.5}% 41
\BOOKMARK [3][]{subsubsection.7.5.2}{\376\377\0007\000.\0005\000.\0002\000\040\147\011\165\114\173\111\137\205}{subsection.7.5}% 42
\BOOKMARK [3][]{subsubsection.7.5.3}{\376\377\0007\000.\0005\000.\0003\000\040\127\006\137\303\210\145\155\113\174\276\123\026}{subsection.7.5}% 43
\BOOKMARK [3][]{subsubsection.7.5.4}{\376\377\0007\000.\0005\000.\0004\000\040\213\244\213\301\147\141\136\046\211\206\166\326}{subsection.7.5}% 44
\BOOKMARK [3][]{subsubsection.7.5.5}{\376\377\0007\000.\0005\000.\0005\000\040\142\153\143\317\142\020\147\054\225\350\143\247\116\016\000\040\000n\000e\000a\000r\000\040\123\163\145\366\156\005\226\144}{subsection.7.5}% 45
\BOOKMARK [2][]{subsection.7.6}{\376\377\0007\000.\0006\000\040\133\236\232\214\176\323\147\234}{section.7}% 46
\BOOKMARK [2][]{subsection.7.7}{\376\377\0007\000.\0007\000\040\210\253\124\046\121\263\166\204\145\071\217\333\215\357\176\277}{section.7}% 47
\BOOKMARK [2][]{subsection.7.8}{\376\377\0007\000.\0008\000\040\164\006\213\272\116\013\165\114\116\016\040\034\145\076\137\003\117\335\213\301\040\035\166\204\116\343\116\367}{section.7}% 48
\BOOKMARK [1][]{section.8}{\376\377\121\153\060\001\000\040\157\024\176\303\155\113\213\325\116\016\153\143\137\017\155\113\213\325\176\323\147\234}{}% 49
\BOOKMARK [2][]{subsection.8.1}{\376\377\0008\000.\0001\000\040\155\113\213\325\163\257\130\203\116\016\133\242\142\067\172\357}{section.8}% 50
\BOOKMARK [2][]{subsection.8.2}{\376\377\0008\000.\0002\000\040\157\024\176\303\155\113\213\325\176\323\147\234}{section.8}% 51
\BOOKMARK [2][]{subsection.8.3}{\376\377\0008\000.\0003\000\040\147\054\127\060\152\041\127\213\116\016\133\230\145\271\152\041\142\337\126\150\166\204\116\000\201\364\140\047}{section.8}% 52
\BOOKMARK [2][]{subsection.8.4}{\376\377\0008\000.\0004\000\040\153\143\137\017\155\113\213\325\176\323\147\234}{section.8}% 53
\BOOKMARK [2][]{subsection.8.5}{\376\377\0008\000.\0005\000\040\142\020\176\351\166\204\153\143\170\156\211\343\213\373}{section.8}% 54
\BOOKMARK [1][]{section.9}{\376\377\116\135\060\001\000\040\152\041\127\213\166\204\150\300\232\214\060\001\160\165\145\117\136\246\122\006\147\220\116\016\213\304\116\367}{}% 55
\BOOKMARK [2][]{subsection.9.1}{\376\377\0009\000.\0001\000\040\153\143\170\156\140\047\150\300\232\214\166\204\121\205\133\271}{section.9}% 56
\BOOKMARK [2][]{subsection.9.2}{\376\377\0009\000.\0002\000\040\160\165\145\117\136\246\122\006\147\220}{section.9}% 57
\BOOKMARK [3][]{subsubsection.9.2.1}{\376\377\0009\000.\0002\000.\0001\000\040\133\371\155\113\124\021\213\357\135\356\165\114\166\204\160\165\145\117\136\246}{subsection.9.2}% 58
\BOOKMARK [3][]{subsubsection.9.2.2}{\376\377\0009\000.\0002\000.\0002\000\040\133\371\147\000\134\017\143\245\145\066\123\112\137\204\000\040\000\040\166\204\160\165\145\117\136\246}{subsection.9.2}% 59
\BOOKMARK [3][]{subsubsection.9.2.3}{\376\377\0009\000.\0002\000.\0003\000\040\133\371\121\111\133\146\150\074\215\335\116\016\121\166\116\326\226\010\120\074\166\204\160\165\145\117\136\246}{subsection.9.2}% 60
\BOOKMARK [2][]{subsection.9.3}{\376\377\0009\000.\0003\000\040\172\063\120\145\140\047\377\010\123\213\122\233\127\072\146\157\377\011}{section.9}% 61
\BOOKMARK [2][]{subsection.9.4}{\376\377\0009\000.\0004\000\040\152\041\127\213\166\204\117\030\160\271}{section.9}% 62
\BOOKMARK [2][]{subsection.9.5}{\376\377\0009\000.\0005\000\040\152\041\127\213\166\204\177\072\160\271\116\016\134\100\226\120}{section.9}% 63
\BOOKMARK [2][]{subsection.9.6}{\376\377\0009\000.\0006\000\040\152\041\127\213\166\204\143\250\136\177}{section.9}% 64
\BOOKMARK [1][]{section*.35}{\376\377\123\302\200\003\145\207\163\056}{}% 65
\BOOKMARK [1][]{appendix.1.A}{\376\377\226\104\137\125\000\040\000A\000\040\145\057\144\221\147\120\145\231\156\005\123\125}{}% 66
\BOOKMARK [1][]{appendix.1.B}{\376\377\226\104\137\125\000\040\000B\000\040\121\163\225\056\123\302\145\160\221\115\177\156}{}% 67
\BOOKMARK [1][]{appendix.1.C}{\376\377\226\104\137\125\000\040\000C\000\040\214\003\213\325\213\260\137\125\377\032\116\000\153\041\217\271\165\114\230\166\160\271\166\204\155\156\160\271\131\061\172\063}{}% 68
\BOOKMARK [1][]{appendix.1.D}{\376\377\226\104\137\125\000\040\000D\000\040\150\070\137\303\156\220\172\013\136\217}{}% 69
\BOOKMARK [2][]{subsection.1.D.1}{\376\377\0004\000.\0001\000\040\147\011\165\114\213\357\135\356\121\340\117\125\116\016\155\113\172\331\136\003\134\100\377\032\000m\000o\000d\000e\000l\000.\000p\000y}{appendix.1.D}% 70
\BOOKMARK [2][]{subsection.1.D.2}{\376\377\0004\000.\0002\000\040\127\050\176\277\173\126\165\145\116\073\117\123\377\032\000o\000p\000t\000i\000m\000i\000z\000e\000d\000.\000p\000y}{appendix.1.D}% 71
\BOOKMARK [2][]{subsection.1.D.3}{\376\377\0004\000.\0003\000\040\173\054\116\011\225\356\116\023\165\050\173\126\165\145\377\032\000q\0003\000\137\000p\000o\000l\000i\000c\000y\000.\000p\000y}{appendix.1.D}% 72
\BOOKMARK [2][]{subsection.1.D.4}{\376\377\0004\000.\0004\000\040\173\054\126\333\225\356\116\023\165\050\173\126\165\145\377\032\000q\0004\000\137\000p\000o\000l\000i\000c\000y\000.\000p\000y}{appendix.1.D}% 73
\BOOKMARK [2][]{subsection.1.D.5}{\376\377\0004\000.\0005\000\040\213\244\213\301\147\141\136\046\211\206\166\326\377\032\000q\0004\000\137\000o\000p\000t\000i\000c\000a\000l\000.\000p\000y}{appendix.1.D}% 74
\BOOKMARK [2][]{subsection.1.D.6}{\376\377\0004\000.\0006\000\040\145\271\124\021\211\206\166\326\117\131\221\317\116\016\177\121\150\074\213\301\116\146\377\032\000l\000a\000y\000o\000u\000t\000\137\000o\000p\000t\000.\000p\000y\060\001\000c\000e\000r\000t\000i\000f\000y\0002\0002\000.\000p\000y}{appendix.1.D}% 75
\BOOKMARK [2][]{subsection.1.D.7}{\376\377\0004\000.\0007\000\040\152\041\142\337\126\150\220\032\117\341\133\242\142\067\172\357\377\032\000p\000r\000a\000c\000t\000i\000c\000e\000\137\000r\000o\000b\000o\000t\000.\000p\000y}{appendix.1.D}% 76
\BOOKMARK [2][]{subsection.1.D.8}{\376\377\0004\000.\0008\000\040\123\302\145\160\221\115\177\156\377\032\000c\000o\000n\000f\000i\000g\000.\000j\000s\000o\000n}{appendix.1.D}% 77
